../Hiwonder/Portings/IIC.c:3:6:DelayUs	24	static,ignoring_inline_asm
../Hiwonder/Portings/IIC.c:11:6:I2C_SDA_OUT	32	static
../Hiwonder/Portings/IIC.c:21:6:I2C_SDA_IN	32	static
../Hiwonder/Portings/IIC.c:32:6:IIC_init	32	static
../Hiwonder/Portings/IIC.c:51:6:IIC_start	8	static
../Hiwonder/Portings/IIC.c:62:6:IIC_stop	8	static
../Hiwonder/Portings/IIC.c:74:6:IIC_ack	8	static
../Hiwonder/Portings/IIC.c:86:6:IIC_noack	8	static
../Hiwonder/Portings/IIC.c:100:9:IIC_wait_ack	16	static
../Hiwonder/Portings/IIC.c:121:6:IIC_send_byte	24	static
../Hiwonder/Portings/IIC.c:138:9:IIC_read_byte	24	static
../Hiwonder/Portings/IIC.c:163:5:IIC_WriteToMem	24	static
../Hiwonder/Portings/IIC.c:186:5:IIC_Write	24	static
../Hiwonder/Portings/IIC.c:204:5:IIC_ReadFromMem	16	static
