../Hiwonder/Portings/serial_servo.h:108:23:serial_servo_checksum	24	static
../Hiwonder/Portings/serial_servo.h:117:19:serial_servo_rx_handler	16	static
../Core/Src/stm32f4xx_it.c:86:6:NMI_Handler	8	static
../Core/Src/stm32f4xx_it.c:101:6:HardFault_Handler	4	static
../Core/Src/stm32f4xx_it.c:116:6:MemManage_Handler	4	static
../Core/Src/stm32f4xx_it.c:131:6:BusFault_Handler	4	static
../Core/Src/stm32f4xx_it.c:146:6:UsageFault_Handler	4	static
../Core/Src/stm32f4xx_it.c:161:6:DebugMon_Handler	4	static
../Core/Src/stm32f4xx_it.c:181:6:TIM2_IRQHandler	12	static
../Core/Src/stm32f4xx_it.c:203:6:TIM3_IRQHandler	12	static
../Core/Src/stm32f4xx_it.c:226:6:TIM4_IRQHandler	12	static
../Core/Src/stm32f4xx_it.c:249:6:SPI1_IRQHandler	8	static
../Core/Src/stm32f4xx_it.c:263:6:USART1_IRQHandler	8	static
../Core/Src/stm32f4xx_it.c:277:6:EXTI15_10_IRQHandler	8	static
../Core/Src/stm32f4xx_it.c:294:6:TIM8_BRK_TIM12_IRQHandler	8	static
../Core/Src/stm32f4xx_it.c:314:6:TIM8_UP_TIM13_IRQHandler	8	static
../Core/Src/stm32f4xx_it.c:340:6:TIM8_TRG_COM_TIM14_IRQHandler	8	static
../Core/Src/stm32f4xx_it.c:354:6:TIM5_IRQHandler	12	static
../Core/Src/stm32f4xx_it.c:375:6:UART5_IRQHandler	8	static
../Core/Src/stm32f4xx_it.c:419:6:TIM7_IRQHandler	48	static
../Core/Src/stm32f4xx_it.c:442:6:DMA2_Stream2_IRQHandler	8	static
../Core/Src/stm32f4xx_it.c:456:6:DMA2_Stream3_IRQHandler	8	static
../Core/Src/stm32f4xx_it.c:470:6:DMA2_Stream7_IRQHandler	8	static
